#-----------------------------------------------------------
# Vivado v2024.2 (64-bit)
# SW Build 5239630 on Fri Nov 08 22:35:27 MST 2024
# IP Build 5239520 on Sun Nov 10 16:12:51 MST 2024
# SharedData Build 5239561 on Fri Nov 08 14:39:27 MST 2024
# Start of session at: Tue Apr 22 22:53:21 2025
# Process ID         : 3736
# Current directory  : C:/Users/sidde/Desktop/Verilog/True Dual Port RAM/True Dual Port RAM.runs/impl_1
# Command line       : vivado.exe -log dual_port_ram.vdi -applog -product Vivado -messageDb vivado.pb -mode batch -source dual_port_ram.tcl -notrace
# Log file           : C:/Users/sidde/Desktop/Verilog/True Dual Port RAM/True Dual Port RAM.runs/impl_1/dual_port_ram.vdi
# Journal file       : C:/Users/sidde/Desktop/Verilog/True Dual Port RAM/True Dual Port RAM.runs/impl_1\vivado.jou
# Running On         : Siddesh
# Platform           : Windows Server 2016 or Windows 10
# Operating System   : 22631
# Processor Detail   : AMD Ryzen 5 5500U with Radeon Graphics         
# CPU Frequency      : 2096 MHz
# CPU Physical cores : 6
# CPU Logical cores  : 12
# Host memory        : 6280 MB
# Swap memory        : 9701 MB
# Total Virtual      : 15982 MB
# Available Virtual  : 3304 MB
#-----------------------------------------------------------
source dual_port_ram.tcl -notrace
